2025-12-03 18:53:49 [INFO] AnycubicPhotonWorkshop start!
2025-12-03 18:53:49 [INFO] argc:  2
2025-12-03 18:53:49 [WARN] "C:/Program Files/AnycubicPhotonWorkshop"
2025-12-03 18:53:49 [WARN] Successfully init crashpad
2025-12-03 18:53:49 [WARN] Unable to enumerate family ' "Alibaba PuHuiTi 3.0 55 Regular L3" '
2025-12-03 18:53:49 [WARN] Unable to enumerate family ' "Alibaba PuHuiTi 3.0 95 ExtraBold" '
2025-12-03 18:53:49 [INFO] ctk manager plugins:  "C:/Program Files/AnycubicPhotonWorkshop/plugins/"
2025-12-03 18:53:49 [INFO] Load plugin org.commontk.eventadmin success.
2025-12-03 18:53:49 [INFO] [Install Plugin] "C:/Program Files/AnycubicPhotonWorkshop/plugins/splashwindow.dll"
2025-12-03 18:53:49 [INFO] Install Plugin Success!
2025-12-03 18:53:49 [WARN] Unable to enumerate family ' "Alibaba PuHuiTi 3.0 55 Regular L3" '
2025-12-03 18:53:49 [WARN] Unable to enumerate family ' "Alibaba PuHuiTi 3.0 95 ExtraBold" '
2025-12-03 18:53:50 [INFO] [Install Plugin] "C:/Program Files/AnycubicPhotonWorkshop/plugins/printer.dll"
2025-12-03 18:53:50 [INFO] Install Plugin Success!
2025-12-03 18:53:50 [WARN] loadMachineResin currentPrinter(Anycubic Photon Mono X2) init success.
2025-12-03 18:53:50 [INFO] loadMachineParamRange is success.
2025-12-03 18:53:50 [INFO] loadMachineResinType is success.
2025-12-03 18:53:50 [INFO] loadMachineResinName is success.
2025-12-03 18:53:50 [INFO] [Install Plugin] "C:/Program Files/AnycubicPhotonWorkshop/plugins/mainwindow.dll"
2025-12-03 18:53:50 [INFO] Install Plugin Success!
2025-12-03 18:53:50 [INFO] "current server is testserver. 0"
2025-12-03 18:53:50 [INFO] "environment_url is https://workbentch.s3.us-east-2.amazonaws.com/workshop/environment.ini"
2025-12-03 18:53:50 [INFO] QmlFactory 0.103 s
2025-12-03 18:53:50 [INFO] [Install Plugin] "C:/Program Files/AnycubicPhotonWorkshop/plugins/autoupdater.dll"
2025-12-03 18:53:50 [INFO] Install Plugin Success!
2025-12-03 18:53:50 [INFO] [Install Plugin] "C:/Program Files/AnycubicPhotonWorkshop/plugins/gareport.dll"
2025-12-03 18:53:50 [INFO] Install Plugin Success!
2025-12-03 18:53:50 [INFO] [Install Plugin] "C:/Program Files/AnycubicPhotonWorkshop/plugins/accloud.dll"
2025-12-03 18:53:50 [INFO] Install Plugin Success!
2025-12-03 18:53:50 [WARN] ACCloudDataModel::ACCloudDataModel, importTempPath = C:/Users/oscar/AppData/Local/Temp/ac_cloud/, dowloadPath = C:/Users/oscar/Downloads/ac_cloud/
2025-12-03 18:53:50 [WARN] CountriesDataModel::setCurrCountryIdn, newCurrCountryIdn = CN
2025-12-03 18:53:50 [WARN] void __cdecl ACCloudNetRequest::getCountries(void)
2025-12-03 18:53:50 [WARN] void __cdecl ACCloudNetRequest::getPrintCtrlCodeReasons(void)
2025-12-03 18:53:51 [WARN] ACCloudManager::ACCloudManager, cloud model, build_time = 2024-02-28 17:54:44, git_brance = release/pws3.3, git_hash = d70c34a, git_commit = 2024-02-28
2025-12-03 18:53:51 [INFO] [Install Plugin] "C:/Program Files/AnycubicPhotonWorkshop/plugins/facegen.dll"
2025-12-03 18:53:51 [INFO] Install Plugin Success!
2025-12-03 18:53:51 [WARN] Translation::changedSystemLanguage, language = 0
2025-12-03 18:53:51 [WARN] register  GizmoController
2025-12-03 18:53:51 [WARN] void __cdecl EventMiniHandlerCallback::event(const struct ReasonResponse *,unsigned int)
2025-12-03 18:53:52 [WARN] enableMenuShortcut menushort cut: 0
2025-12-03 18:53:52 [INFO] uiState:  false
2025-12-03 18:53:52 [WARN] enableMenuShortcut menushort cut: 0
2025-12-03 18:53:52 [WARN] QFSFileEngine::open: No file name specified
2025-12-03 18:53:52 [WARN] Cannot open file '', because: No file name specified
2025-12-03 18:53:52 [WARN] QFSFileEngine::open: No file name specified
2025-12-03 18:53:52 [WARN] Cannot open file '', because: No file name specified
2025-12-03 18:53:52 [WARN] QFSFileEngine::open: No file name specified
2025-12-03 18:53:52 [WARN] Cannot open file '', because: No file name specified
2025-12-03 18:53:52 [WARN] QFSFileEngine::open: No file name specified
2025-12-03 18:53:52 [WARN] Cannot open file '', because: No file name specified
2025-12-03 18:53:52 [WARN] QFSFileEngine::open: No file name specified
2025-12-03 18:53:52 [WARN] Cannot open file '', because: No file name specified
2025-12-03 18:53:52 [WARN] QFSFileEngine::open: No file name specified
2025-12-03 18:53:52 [WARN] Cannot open file '', because: No file name specified
2025-12-03 18:53:52 [WARN] QFSFileEngine::open: No file name specified
2025-12-03 18:53:52 [WARN] Cannot open file '', because: No file name specified
2025-12-03 18:53:52 [WARN] xChanged 1
2025-12-03 18:53:52 [INFO] event:  "splash_window_visible" data:  QVariant(bool, false) extentionData:  QVariant(Invalid)
2025-12-03 18:53:52 [INFO] event:  "main_load" data:  QVariant(Invalid) extentionData:  QVariant(Invalid)
2025-12-03 18:53:52 [INFO] event:  "main_language_changed" data:  QVariant(int, 0) extentionData:  QVariant(Invalid)
2025-12-03 18:53:52 [WARN] void __cdecl PrintersDataModel::onReasonResponse(const struct ReasonResponse *,int)
count = 127
2025-12-03 18:53:52 [INFO] uiState:  true
2025-12-03 18:53:52 [WARN] creating renderer
2025-12-03 18:53:52 [WARN] printer valid --:  98.35 61.4
2025-12-03 18:53:52 [WARN] printer build --:  98.304 61.44
2025-12-03 18:53:52 [WARN] deltaX -- :  0.0459976
2025-12-03 18:53:52 [WARN] deltaY -- :  0.0399971
2025-12-03 18:53:52 [WARN] machine boarder width 1--------------------  -0.0459976 0.0399971
2025-12-03 18:53:52 [WARN] create planar shadow node
2025-12-03 18:53:52 [WARN] loadGizmoRotationHead OK 576
2025-12-03 18:53:52 [INFO] osg_scene_root::traverse nv_class =  "" ,name =  "NodeVisitor"
2025-12-03 18:53:52 [INFO] osg_scene_root::traverse nv_class =  "" ,name =  "\"CollectedCoordinateSystemNodesVisitor\""
2025-12-03 18:53:52 [INFO] osg_scene_root::traverse nv_class =  "" ,name =  "ComputeBoundsVisitor"
2025-12-03 18:53:52 [INFO]  camera_manipulator::home
2025-12-03 18:53:52 [INFO]  camera_manipulator::home/ComputeBound
2025-12-03 18:53:52 [INFO]  camera_manipulator::home
2025-12-03 18:53:52 [INFO]  camera_manipulator::home/ComputeBound
2025-12-03 18:53:52 [INFO]  camera_manipulator::home/BoundingSphere
2025-12-03 18:53:52 [INFO] osg_scene_root::traverse nv_class =  "CollectMatchGeodeVisitor" ,name =  "NodeVisitor"
2025-12-03 18:53:52 [INFO]  camera_manipulator::home/udpate_view
2025-12-03 18:53:52 [INFO] osg_scene_root::traverse nv_class =  "" ,name =  "GLObjectsVisitor"
2025-12-03 18:53:52 [WARN] GL Verison:  0x2929d4400a8
2025-12-03 18:53:52 [WARN] GL Renderer:  0x2929d497b1c
2025-12-03 18:53:52 [WARN] compile shader program ok
2025-12-03 18:53:52 [WARN] compile shader program ok
2025-12-03 18:53:52 [WARN] compile shader program ok
2025-12-03 18:53:52 [WARN] AnyGizmos::Im3d_Init      LoadCompileShader Ok
2025-12-03 18:53:52 [WARN] AnyGizmos::Im3d_Init   VAO release Ok
2025-12-03 18:53:52 [INFO] osg_scene_root::traverse nv_class =  "CollectMatchGeodeVisitor" ,name =  "NodeVisitor"
2025-12-03 18:53:52 [INFO] osg_scene_root::traverse nv_class =  "CollectMatchGeodeVisitor" ,name =  "NodeVisitor"
2025-12-03 18:53:52 [WARN] QFSFileEngine::open: No file name specified
2025-12-03 18:53:52 [WARN] Cannot open file '', because: No file name specified
2025-12-03 18:53:52 [WARN] QFSFileEngine::open: No file name specified
2025-12-03 18:53:52 [WARN] Cannot open file '', because: No file name specified
2025-12-03 18:53:52 [INFO] event:  "updater_init_compeleted" data:  QVariant(Invalid) extentionData:  QVariant(Invalid)
2025-12-03 18:53:52 [INFO] osg_scene_root::traverse nv_class =  "CollectMatchGeodeVisitor" ,name =  "NodeVisitor"
2025-12-03 18:53:52 [INFO] osg_scene_root::traverse nv_class =  "CollectMatchGeodeVisitor" ,name =  "NodeVisitor"
2025-12-03 18:53:52 [INFO] osg_scene_root::traverse nv_class =  "CollectMatchGeodeVisitor" ,name =  "NodeVisitor"
2025-12-03 18:53:52 [INFO] osg_scene_root::traverse nv_class =  "CollectMatchGeodeVisitor" ,name =  "NodeVisitor"
2025-12-03 18:53:52 [INFO] osg_scene_root::traverse nv_class =  "CollectMatchGeodeVisitor" ,name =  "NodeVisitor"
2025-12-03 18:53:52 [INFO] osg_scene_root::traverse nv_class =  "CollectMatchGeodeVisitor" ,name =  "NodeVisitor"
2025-12-03 18:53:52 [INFO] osg_scene_root::traverse nv_class =  "CollectMatchGeodeVisitor" ,name =  "NodeVisitor"
2025-12-03 18:53:52 [INFO] osg_scene_root::traverse nv_class =  "CollectMatchGeodeVisitor" ,name =  "NodeVisitor"
2025-12-03 18:53:52 [INFO] osg_scene_root::traverse nv_class =  "CollectMatchGeodeVisitor" ,name =  "NodeVisitor"
2025-12-03 18:53:52 [INFO] osg_scene_root::traverse nv_class =  "CollectMatchGeodeVisitor" ,name =  "NodeVisitor"
2025-12-03 18:53:52 [INFO] osg_scene_root::traverse nv_class =  "CollectMatchGeodeVisitor" ,name =  "NodeVisitor"
2025-12-03 18:53:52 [INFO] osg_scene_root::traverse nv_class =  "CollectMatchGeodeVisitor" ,name =  "NodeVisitor"
2025-12-03 18:53:52 [WARN] QFSFileEngine::open: No file name specified
2025-12-03 18:53:52 [WARN] Cannot open file '', because: No file name specified
2025-12-03 18:53:52 [WARN] QFSFileEngine::open: No file name specified
2025-12-03 18:53:52 [WARN] Cannot open file '', because: No file name specified
2025-12-03 18:53:52 [INFO] osg_scene_root::traverse nv_class =  "CollectMatchGeodeVisitor" ,name =  "NodeVisitor"
2025-12-03 18:53:52 [INFO] osg_scene_root::traverse nv_class =  "CollectMatchGeodeVisitor" ,name =  "NodeVisitor"
2025-12-03 18:53:52 [INFO] osg_scene_root::traverse nv_class =  "CollectMatchGeodeVisitor" ,name =  "NodeVisitor"
2025-12-03 18:53:52 [INFO] osg_scene_root::traverse nv_class =  "CollectMatchGeodeVisitor" ,name =  "NodeVisitor"
2025-12-03 18:53:52 [WARN] void __cdecl ACCloudNetRequest::getCountries(void)
2025-12-03 18:53:52 [WARN] void __cdecl ACCloudNetRequest::getPrintCtrlCodeReasons(void)
2025-12-03 18:53:52 [INFO] osg_scene_root::traverse nv_class =  "CollectMatchGeodeVisitor" ,name =  "NodeVisitor"
2025-12-03 18:53:52 [INFO] osg_scene_root::traverse nv_class =  "CollectMatchGeodeVisitor" ,name =  "NodeVisitor"
2025-12-03 18:53:52 [INFO] event:  "accloud_start_init" data:  QVariant(int, 0) extentionData:  QVariant(int, 0)
2025-12-03 18:53:52 [INFO] parseImportFiles model files: C:\Users\oscar\Desktop\UDC-CLASES\Informatica\PRACTICA\Piezas\garra.stl
2025-12-03 18:53:52 [INFO] parseImportFiles model files: C:\Users\oscar\Desktop\UDC-CLASES\Informatica\PRACTICA\Piezas\garra.stl
2025-12-03 18:53:52 [WARN]  - 1 ImportFilesDialog, importModelFiles file = C:\Users\oscar\Desktop\UDC-CLASES\Informatica\PRACTICA\Piezas\garra.stl, modelQualityChecked = true
2025-12-03 18:53:52 [INFO] "start check autoUpdater!"
2025-12-03 18:53:52 [WARN] -slot_closeGizmoWhenLoadModel
2025-12-03 18:53:52 [INFO] event:  "updater_check" data:  QVariant(Invalid) extentionData:  QVariant(Invalid)
2025-12-03 18:53:52 [INFO] send post data success!
2025-12-03 18:53:52 [INFO] osg_scene_root::traverse nv_class =  "CollectMatchGeodeVisitor" ,name =  "NodeVisitor"
2025-12-03 18:53:52 [INFO] osg_scene_root::traverse nv_class =  "CollectMatchGeodeVisitor" ,name =  "NodeVisitor"
2025-12-03 18:53:52 [INFO] sendData:  "{\n    \"appName\": \"AnycubicPhotonWorkshop_V3.3.0\",\n    \"appVersion\": \"v3.3.0\",\n    \"business\": \"\",\n    \"city\": \"\xE5\x86\x85\xE7\xBD\x91IP\",\n    \"country\": \"0\",\n    \"elementContent\": \"\",\n    \"elementType\": \"\",\n    \"eventName\": \"AppStart\",\n    \"function\": \"\",\n    \"isOverseasVersion\": true,\n    \"module\": \"\",\n    \"pcId\": \"2b70210b8d106f71b129d1a1dcf83724\",\n    \"printerType\": \"\",\n    \"province\": \"0\",\n    \"timestamp\": 1764784432,\n    \"title\": \"\",\n    \"userId\": 0\n}\n"
2025-12-03 18:53:52 [INFO] osg_scene_root::traverse nv_class =  "CollectMatchGeodeVisitor" ,name =  "NodeVisitor"
2025-12-03 18:53:52 [INFO] osg_scene_root::traverse nv_class =  "CollectMatchGeodeVisitor" ,name =  "NodeVisitor"
2025-12-03 18:53:52 [INFO] osg_scene_root::traverse nv_class =  "CollectMatchGeodeVisitor" ,name =  "NodeVisitor"
2025-12-03 18:53:52 [INFO] osg_scene_root::traverse nv_class =  "CollectMatchGeodeVisitor" ,name =  "NodeVisitor"
2025-12-03 18:53:53 [INFO] osg_scene_root::traverse nv_class =  "CollectMatchGeodeVisitor" ,name =  "NodeVisitor"
2025-12-03 18:53:53 [INFO] osg_scene_root::traverse nv_class =  "CollectMatchGeodeVisitor" ,name =  "NodeVisitor"
2025-12-03 18:53:53 [INFO] osg_scene_root::traverse nv_class =  "CollectMatchGeodeVisitor" ,name =  "NodeVisitor"
2025-12-03 18:53:53 [WARN] QFSFileEngine::open: No file name specified
2025-12-03 18:53:53 [WARN] Cannot open file '', because: No file name specified
2025-12-03 18:53:53 [WARN] QFSFileEngine::open: No file name specified
2025-12-03 18:53:53 [WARN] Cannot open file '', because: No file name specified
2025-12-03 18:53:53 [WARN] QFSFileEngine::open: No file name specified
2025-12-03 18:53:53 [WARN] Cannot open file '', because: No file name specified
2025-12-03 18:53:53 [INFO] osg_scene_root::traverse nv_class =  "CollectMatchGeodeVisitor" ,name =  "NodeVisitor"
2025-12-03 18:53:53 [WARN] void __cdecl EventMiniHandlerCallback::event(const struct ReasonResponse *,unsigned int)
2025-12-03 18:53:53 [WARN] QFSFileEngine::open: No file name specified
2025-12-03 18:53:53 [WARN] Cannot open file '', because: No file name specified
2025-12-03 18:53:53 [WARN] QFSFileEngine::open: No file name specified
2025-12-03 18:53:53 [WARN] Cannot open file '', because: No file name specified
2025-12-03 18:53:53 [WARN] QFSFileEngine::open: No file name specified
2025-12-03 18:53:53 [WARN] Cannot open file '', because: No file name specified
2025-12-03 18:53:53 [WARN] QFSFileEngine::open: No file name specified
2025-12-03 18:53:53 [WARN] Cannot open file '', because: No file name specified
2025-12-03 18:53:53 [WARN] QFSFileEngine::open: No file name specified
2025-12-03 18:53:53 [WARN] Cannot open file '', because: No file name specified
2025-12-03 18:53:53 [WARN] QFSFileEngine::open: No file name specified
2025-12-03 18:53:53 [WARN] Cannot open file '', because: No file name specified
2025-12-03 18:53:53 [WARN] QFSFileEngine::open: No file name specified
2025-12-03 18:53:53 [WARN] Cannot open file '', because: No file name specified
2025-12-03 18:53:53 [WARN] QFSFileEngine::open: No file name specified
2025-12-03 18:53:53 [WARN] Cannot open file '', because: No file name specified
2025-12-03 18:53:53 [WARN] QFSFileEngine::open: No file name specified
2025-12-03 18:53:53 [WARN] Cannot open file '', because: No file name specified
2025-12-03 18:53:53 [WARN] QFSFileEngine::open: No file name specified
2025-12-03 18:53:53 [WARN] Cannot open file '', because: No file name specified
2025-12-03 18:53:53 [WARN] QFSFileEngine::open: No file name specified
2025-12-03 18:53:53 [WARN] Cannot open file '', because: No file name specified
2025-12-03 18:53:53 [WARN] QFSFileEngine::open: No file name specified
2025-12-03 18:53:53 [WARN] Cannot open file '', because: No file name specified
2025-12-03 18:53:53 [WARN] QFSFileEngine::open: No file name specified
2025-12-03 18:53:53 [WARN] Cannot open file '', because: No file name specified
2025-12-03 18:53:53 [WARN] QFSFileEngine::open: No file name specified
2025-12-03 18:53:53 [WARN] Cannot open file '', because: No file name specified
2025-12-03 18:53:53 [WARN] QFSFileEngine::open: No file name specified
2025-12-03 18:53:53 [WARN] Cannot open file '', because: No file name specified
2025-12-03 18:53:53 [WARN] QFSFileEngine::open: No file name specified
2025-12-03 18:53:53 [WARN] Cannot open file '', because: No file name specified
2025-12-03 18:53:53 [WARN] QFSFileEngine::open: No file name specified
2025-12-03 18:53:53 [WARN] Cannot open file '', because: No file name specified
2025-12-03 18:53:53 [WARN] QFSFileEngine::open: No file name specified
2025-12-03 18:53:53 [WARN] Cannot open file '', because: No file name specified
2025-12-03 18:53:53 [WARN] QFSFileEngine::open: No file name specified
2025-12-03 18:53:53 [WARN] Cannot open file '', because: No file name specified
2025-12-03 18:53:53 [WARN] QFSFileEngine::open: No file name specified
2025-12-03 18:53:53 [WARN] Cannot open file '', because: No file name specified
2025-12-03 18:53:53 [WARN] QFSFileEngine::open: No file name specified
2025-12-03 18:53:53 [WARN] Cannot open file '', because: No file name specified
2025-12-03 18:53:53 [WARN] QFSFileEngine::open: No file name specified
2025-12-03 18:53:53 [WARN] Cannot open file '', because: No file name specified
2025-12-03 18:53:53 [WARN] QFSFileEngine::open: No file name specified
2025-12-03 18:53:53 [WARN] Cannot open file '', because: No file name specified
2025-12-03 18:53:53 [INFO] uiState:  false
2025-12-03 18:53:53 [WARN] enableMenuShortcut menushort cut: 8
2025-12-03 18:53:53 [INFO] uiState:  false
2025-12-03 18:53:53 [WARN] enableMenuShortcut menushort cut: 136
2025-12-03 18:53:53 [INFO] uiState:  false
2025-12-03 18:53:53 [WARN] enableMenuShortcut menushort cut: 128
2025-12-03 18:53:53 [INFO] "doReportImportModelResult!"
2025-12-03 18:53:53 [INFO] event:  "ga_report" data:  QVariant(QByteArray, "{\n    \"business\": \"model_prepare\",\n    \"elementContent\": \"Import Files\",\n    \"elementType\": \"BUTTON\",\n    \"event\": \"ImportModelResult\",\n    \"function\": \"import_model\",\n    \"module\": \"menu_bar\",\n    \"printerType\": \"LCD\",\n    \"title\": \"\"\n}\n") extentionData:  QVariant(QByteArray, "{\n    \"importType\": \"4\",\n    \"modelInformation\": [\n        {\n            \"fileName\": \"garra\",\n            \"fileSize\": 12684,\n            \"fileType\": \"stl\",\n            \"isSuccess\": 0\n        }\n    ],\n    \"numberOfModel\": 1\n}\n")
2025-12-03 18:53:53 [WARN] gizmo emit sceneModelChanged
2025-12-03 18:53:53 [WARN] void __cdecl PrintersDataModel::onReasonResponse(const struct ReasonResponse *,int)
count = 127
2025-12-03 18:53:53 [INFO] uiState:  false
2025-12-03 18:53:53 [WARN] enableMenuShortcut menushort cut: 136
2025-12-03 18:53:53 [INFO] "doReadMachineLcd setMachine Anycubic Photon Mono X2"
2025-12-03 18:53:53 [INFO] uiState:  false
2025-12-03 18:53:53 [WARN] enableMenuShortcut menushort cut: 128
2025-12-03 18:53:53 [INFO] sendData:  "{\n    \"appName\": \"AnycubicPhotonWorkshop_V3.3.0\",\n    \"appVersion\": \"v3.3.0\",\n    \"business\": \"\",\n    \"city\": \"\xE5\x86\x85\xE7\xBD\x91IP\",\n    \"country\": \"0\",\n    \"elementContent\": \"\",\n    \"elementType\": \"\",\n    \"eventName\": \"ImportModelResult\",\n    \"function\": \"\",\n    \"isOverseasVersion\": true,\n    \"module\": \"\",\n    \"pcId\": \"2b70210b8d106f71b129d1a1dcf83724\",\n    \"printerType\": \"\",\n    \"province\": \"0\",\n    \"timestamp\": 1764784433,\n    \"title\": \"\",\n    \"userId\": 0\n}\n"
2025-12-03 18:53:53 [WARN] ctrl_select IS_PROPERTY_SELECTED1  true 1
2025-12-03 18:53:53 [INFO] ComputeConditionNodeVisitor::apply(group):  "osg_model_group" nodeName =  "scene_model_root"
2025-12-03 18:53:53 [INFO] get_model_height() osg_model_group
2025-12-03 18:53:53 [INFO] ComputeConditionNodeVisitor::apply(group):  "osg_model_group" nodeName =  "scene_model_root"
2025-12-03 18:53:53 [INFO] ComputeConditionNodeVisitor::apply(group):  "osg_model_group" nodeName =  "scene_model_root"
2025-12-03 18:53:53 [INFO] send post data success!
2025-12-03 18:53:53 [INFO] send post data success!
2025-12-03 18:53:54 [INFO] uiState:  false
2025-12-03 18:53:59 [INFO] uiState:  false
2025-12-03 18:54:00 [INFO] uiState:  true
2025-12-03 18:54:00 [WARN] enableMenuShortcut menushort cut: 0
2025-12-03 18:54:00 [INFO] osg_scene_root::traverse nv_class =  "CollectMatchGeodeVisitor" ,name =  "NodeVisitor"
2025-12-03 18:54:00 [INFO] osg_scene_root::traverse nv_class =  "CollectMatchGeodeVisitor" ,name =  "NodeVisitor"
2025-12-03 18:54:00 [INFO] osg_scene_root::traverse nv_class =  "CollectMatchGeodeVisitor" ,name =  "NodeVisitor"
2025-12-03 18:54:00 [INFO] osg_scene_root::traverse nv_class =  "CollectMatchGeodeVisitor" ,name =  "NodeVisitor"
2025-12-03 18:54:01 [INFO] osg_scene_root::traverse nv_class =  "CollectMatchGeodeVisitor" ,name =  "NodeVisitor"
2025-12-03 18:54:01 [INFO] osg_scene_root::traverse nv_class =  "CollectMatchGeodeVisitor" ,name =  "NodeVisitor"
2025-12-03 18:54:01 [INFO] osg_scene_root::traverse nv_class =  "CollectMatchGeodeVisitor" ,name =  "NodeVisitor"
2025-12-03 18:54:01 [INFO] osg_scene_root::traverse nv_class =  "CollectMatchGeodeVisitor" ,name =  "NodeVisitor"
2025-12-03 18:54:01 [INFO] osg_scene_root::traverse nv_class =  "CollectMatchGeodeVisitor" ,name =  "NodeVisitor"
2025-12-03 18:54:01 [INFO] osg_scene_root::traverse nv_class =  "CollectMatchGeodeVisitor" ,name =  "NodeVisitor"
2025-12-03 18:54:01 [INFO] osg_scene_root::traverse nv_class =  "CollectMatchGeodeVisitor" ,name =  "NodeVisitor"
2025-12-03 18:54:01 [INFO] osg_scene_root::traverse nv_class =  "CollectMatchGeodeVisitor" ,name =  "NodeVisitor"
2025-12-03 18:54:01 [INFO] osg_scene_root::traverse nv_class =  "CollectMatchGeodeVisitor" ,name =  "NodeVisitor"
2025-12-03 18:54:01 [INFO] osg_scene_root::traverse nv_class =  "CollectMatchGeodeVisitor" ,name =  "NodeVisitor"
2025-12-03 18:54:01 [INFO] osg_scene_root::traverse nv_class =  "CollectMatchGeodeVisitor" ,name =  "NodeVisitor"
2025-12-03 18:54:01 [INFO] osg_scene_root::traverse nv_class =  "CollectMatchGeodeVisitor" ,name =  "NodeVisitor"
2025-12-03 18:54:01 [INFO] osg_scene_root::traverse nv_class =  "CollectMatchGeodeVisitor" ,name =  "NodeVisitor"
2025-12-03 18:54:01 [INFO] osg_scene_root::traverse nv_class =  "CollectMatchGeodeVisitor" ,name =  "NodeVisitor"
2025-12-03 18:54:01 [INFO] osg_scene_root::traverse nv_class =  "CollectMatchGeodeVisitor" ,name =  "NodeVisitor"
2025-12-03 18:54:01 [INFO] osg_scene_root::traverse nv_class =  "CollectMatchGeodeVisitor" ,name =  "NodeVisitor"
2025-12-03 18:54:01 [INFO] osg_scene_root::traverse nv_class =  "CollectMatchGeodeVisitor" ,name =  "NodeVisitor"
2025-12-03 18:54:02 [INFO] osg_scene_root::traverse nv_class =  "CollectMatchGeodeVisitor" ,name =  "NodeVisitor"
2025-12-03 18:54:02 [INFO] osg_scene_root::traverse nv_class =  "CollectMatchGeodeVisitor" ,name =  "NodeVisitor"
2025-12-03 18:54:02 [INFO] osg_scene_root::traverse nv_class =  "CollectMatchGeodeVisitor" ,name =  "NodeVisitor"
2025-12-03 18:54:02 [INFO] osg_scene_root::traverse nv_class =  "CollectMatchGeodeVisitor" ,name =  "NodeVisitor"
2025-12-03 18:54:02 [INFO] osg_scene_root::traverse nv_class =  "CollectMatchGeodeVisitor" ,name =  "NodeVisitor"
2025-12-03 18:54:02 [INFO] osg_scene_root::traverse nv_class =  "CollectMatchGeodeVisitor" ,name =  "NodeVisitor"
2025-12-03 18:54:02 [INFO] osg_scene_root::traverse nv_class =  "CollectMatchGeodeVisitor" ,name =  "NodeVisitor"
2025-12-03 18:54:02 [INFO] osg_scene_root::traverse nv_class =  "CollectMatchGeodeVisitor" ,name =  "NodeVisitor"
2025-12-03 18:54:02 [INFO] osg_scene_root::traverse nv_class =  "CollectMatchGeodeVisitor" ,name =  "NodeVisitor"
2025-12-03 18:54:02 [INFO] osg_scene_root::traverse nv_class =  "CollectMatchGeodeVisitor" ,name =  "NodeVisitor"
2025-12-03 18:54:02 [INFO] osg_scene_root::traverse nv_class =  "CollectMatchGeodeVisitor" ,name =  "NodeVisitor"
2025-12-03 18:54:02 [INFO] osg_scene_root::traverse nv_class =  "CollectMatchGeodeVisitor" ,name =  "NodeVisitor"
2025-12-03 18:54:02 [INFO] osg_scene_root::traverse nv_class =  "CollectMatchGeodeVisitor" ,name =  "NodeVisitor"
2025-12-03 18:54:02 [INFO] osg_scene_root::traverse nv_class =  "CollectMatchGeodeVisitor" ,name =  "NodeVisitor"
2025-12-03 18:54:02 [INFO] osg_scene_root::traverse nv_class =  "CollectMatchGeodeVisitor" ,name =  "NodeVisitor"
2025-12-03 18:54:02 [INFO] osg_scene_root::traverse nv_class =  "CollectMatchGeodeVisitor" ,name =  "NodeVisitor"
2025-12-03 18:54:03 [INFO] osg_scene_root::traverse nv_class =  "CollectMatchGeodeVisitor" ,name =  "NodeVisitor"
2025-12-03 18:54:03 [INFO] osg_scene_root::traverse nv_class =  "CollectMatchGeodeVisitor" ,name =  "NodeVisitor"
2025-12-03 18:54:03 [INFO] osg_scene_root::traverse nv_class =  "CollectMatchGeodeVisitor" ,name =  "NodeVisitor"
2025-12-03 18:54:03 [INFO] osg_scene_root::traverse nv_class =  "CollectMatchGeodeVisitor" ,name =  "NodeVisitor"
2025-12-03 18:54:03 [INFO] osg_scene_root::traverse nv_class =  "CollectMatchGeodeVisitor" ,name =  "NodeVisitor"
2025-12-03 18:54:03 [INFO] osg_scene_root::traverse nv_class =  "CollectMatchGeodeVisitor" ,name =  "NodeVisitor"
2025-12-03 18:54:03 [INFO] osg_scene_root::traverse nv_class =  "CollectMatchGeodeVisitor" ,name =  "NodeVisitor"
2025-12-03 18:54:03 [INFO] osg_scene_root::traverse nv_class =  "CollectMatchGeodeVisitor" ,name =  "NodeVisitor"
2025-12-03 18:54:03 [INFO] osg_scene_root::traverse nv_class =  "CollectMatchGeodeVisitor" ,name =  "NodeVisitor"
2025-12-03 18:54:03 [INFO] osg_scene_root::traverse nv_class =  "CollectMatchGeodeVisitor" ,name =  "NodeVisitor"
2025-12-03 18:54:03 [INFO] osg_scene_root::traverse nv_class =  "CollectMatchGeodeVisitor" ,name =  "NodeVisitor"
2025-12-03 18:54:03 [INFO] osg_scene_root::traverse nv_class =  "CollectMatchGeodeVisitor" ,name =  "NodeVisitor"
2025-12-03 18:54:03 [INFO] osg_scene_root::traverse nv_class =  "CollectMatchGeodeVisitor" ,name =  "NodeVisitor"
2025-12-03 18:54:03 [INFO] osg_scene_root::traverse nv_class =  "CollectMatchGeodeVisitor" ,name =  "NodeVisitor"
2025-12-03 18:54:03 [INFO] osg_scene_root::traverse nv_class =  "CollectMatchGeodeVisitor" ,name =  "NodeVisitor"
2025-12-03 18:54:03 [INFO] osg_scene_root::traverse nv_class =  "CollectMatchGeodeVisitor" ,name =  "NodeVisitor"
2025-12-03 18:54:03 [INFO] osg_scene_root::traverse nv_class =  "CollectMatchGeodeVisitor" ,name =  "NodeVisitor"
2025-12-03 18:54:03 [INFO] osg_scene_root::traverse nv_class =  "CollectMatchGeodeVisitor" ,name =  "NodeVisitor"
2025-12-03 18:54:03 [INFO] osg_scene_root::traverse nv_class =  "CollectMatchGeodeVisitor" ,name =  "NodeVisitor"
2025-12-03 18:54:04 [INFO] osg_scene_root::traverse nv_class =  "CollectMatchGeodeVisitor" ,name =  "NodeVisitor"
2025-12-03 18:54:04 [INFO] osg_scene_root::traverse nv_class =  "CollectMatchGeodeVisitor" ,name =  "NodeVisitor"
2025-12-03 18:54:04 [INFO] osg_scene_root::traverse nv_class =  "CollectMatchGeodeVisitor" ,name =  "NodeVisitor"
2025-12-03 18:54:04 [INFO] osg_scene_root::traverse nv_class =  "CollectMatchGeodeVisitor" ,name =  "NodeVisitor"
2025-12-03 18:54:04 [INFO] osg_scene_root::traverse nv_class =  "CollectMatchGeodeVisitor" ,name =  "NodeVisitor"
2025-12-03 18:54:04 [INFO] osg_scene_root::traverse nv_class =  "CollectMatchGeodeVisitor" ,name =  "NodeVisitor"
2025-12-03 18:54:04 [INFO] osg_scene_root::traverse nv_class =  "CollectMatchGeodeVisitor" ,name =  "NodeVisitor"
2025-12-03 18:54:04 [INFO] osg_scene_root::traverse nv_class =  "CollectMatchGeodeVisitor" ,name =  "NodeVisitor"
2025-12-03 18:54:04 [INFO] osg_scene_root::traverse nv_class =  "CollectMatchGeodeVisitor" ,name =  "NodeVisitor"
2025-12-03 18:54:04 [INFO] osg_scene_root::traverse nv_class =  "CollectMatchGeodeVisitor" ,name =  "NodeVisitor"
2025-12-03 18:54:04 [INFO] osg_scene_root::traverse nv_class =  "CollectMatchGeodeVisitor" ,name =  "NodeVisitor"
2025-12-03 18:54:04 [INFO] osg_scene_root::traverse nv_class =  "CollectMatchGeodeVisitor" ,name =  "NodeVisitor"
2025-12-03 18:54:04 [INFO] osg_scene_root::traverse nv_class =  "CollectMatchGeodeVisitor" ,name =  "NodeVisitor"
2025-12-03 18:54:04 [INFO] osg_scene_root::traverse nv_class =  "CollectMatchGeodeVisitor" ,name =  "NodeVisitor"
2025-12-03 18:54:04 [INFO] osg_scene_root::traverse nv_class =  "CollectMatchGeodeVisitor" ,name =  "NodeVisitor"
2025-12-03 18:54:04 [INFO] osg_scene_root::traverse nv_class =  "CollectMatchGeodeVisitor" ,name =  "NodeVisitor"
2025-12-03 18:54:04 [INFO] osg_scene_root::traverse nv_class =  "CollectMatchGeodeVisitor" ,name =  "NodeVisitor"
2025-12-03 18:54:05 [INFO] scene modifyed:  true
2025-12-03 18:54:05 [WARN] QFSFileEngine::open: No file name specified
2025-12-03 18:54:05 [WARN] Cannot open file '', because: No file name specified
2025-12-03 18:54:05 [INFO] uiState:  false
2025-12-03 18:54:06 [INFO] uiState:  true
2025-12-03 18:54:06 [INFO] save support file is success!
2025-12-03 18:54:07 [INFO] AnycubicPhotonWorkshop end!
2025-12-03 18:54:07 [WARN] QThreadStorage: Thread 0x292896b5c60 exited after QThreadStorage 7 destroyed
